[{"stream_name":"stderr","time":7.492075009,"data":"0.00s - Debugger warning: It seems that frozen modules are being used, which may\n"}
,{"stream_name":"stderr","time":7.492152112,"data":"0.00s - make the debugger miss breakpoints. Please pass -Xfrozen_modules=off\n"}
,{"stream_name":"stderr","time":7.492157021,"data":"0.00s - to python to disable frozen modules.\n"}
,{"stream_name":"stderr","time":7.492159865,"data":"0.00s - Note: Debugging will proceed. Set PYDEVD_DISABLE_FILE_VALIDATION=1 to disable this validation.\n"}
,{"stream_name":"stderr","time":8.075384235,"data":"0.00s - Debugger warning: It seems that frozen modules are being used, which may\n"}
,{"stream_name":"stderr","time":8.075426608,"data":"0.00s - make the debugger miss breakpoints. Please pass -Xfrozen_modules=off\n"}
,{"stream_name":"stderr","time":8.075430996,"data":"0.00s - to python to disable frozen modules.\n"}
,{"stream_name":"stderr","time":8.075433663,"data":"0.00s - Note: Debugging will proceed. Set PYDEVD_DISABLE_FILE_VALIDATION=1 to disable this validation.\n"}
,{"stream_name":"stderr","time":14.103504569,"data":"Cloning into 'Edge-NMT'...\n"}
,{"stream_name":"stderr","time":14.306117375,"data":"Cloning into 'Edge-NMT'...\n"}
,{"stream_name":"stderr","time":14.30614729,"data":"\n"}
,{"stream_name":"stderr","time":14.306152522,"data":"Cloning into 'Edge-NMT'...\n"}
,{"stream_name":"stdout","time":14.999894025,"data":"Current Working Directory: /kaggle/working/Edge-NMT\n"}
,{"stream_name":"stdout","time":18.050221179,"data":"   ━━━━━━━━━━━━━━━━━━━━━━━━━━━━━━━━━━━━━━━━ 527.3/527.3 kB 18.6 MB/s eta 0:00:00\n"}
,{"stream_name":"stdout","time":18.076489248,"data":"   ━━━━━━━━━━━━━━━━━━━━━━━━━━━━━━━━━━━━━━━━ 100.8/100.8 kB 7.0 MB/s eta 0:00:00\n"}
,{"stream_name":"stdout","time":18.100081334,"data":"   ━━━━━━━━━━━━━━━━━━━━━━━━━━━━━━━━━━━━━━━━ 116.3/116.3 kB 9.0 MB/s eta 0:00:00\n"}
,{"stream_name":"stdout","time":18.125469275,"data":"   ━━━━━━━━━━━━━━━━━━━━━━━━━━━━━━━━━━━━━━━━ 177.6/177.6 kB 13.7 MB/s eta 0:00:00\n"}
,{"stream_name":"stdout","time":18.15051052,"data":"   ━━━━━━━━━━━━━━━━━━━━━━━━━━━━━━━━━━━━━━━━ 128.0/128.0 kB 8.8 MB/s eta 0:00:00\n"}
,{"stream_name":"stdout","time":18.252464638,"data":"   ━━━━━━━━━━━━━━━━━━━━━━━━━━━━━━━━━━━━━━━━ 527.3/527.3 kB 18.6 MB/s eta 0:00:00\n"}
,{"stream_name":"stdout","time":18.252494521,"data":"   ━━━━━━━━━━━━━━━━━━━━━━━━━━━━━━━━━━━━━━━━ 100.8/100.8 kB 7.0 MB/s eta 0:00:00\n"}
,{"stream_name":"stdout","time":18.252511238,"data":"   ━━━━━━━━━━━━━━━━━━━━━━━━━━━━━━━━━━━━━━━━ 116.3/116.3 kB 9.0 MB/s eta 0:00:00\n"}
,{"stream_name":"stdout","time":18.252516102,"data":"   ━━━━━━━━━━━━━━━━━━━━━━━━━━━━━━━━━━━━━━━━ 177.6/177.6 kB 13.7 MB/s eta 0:00:00\n"}
,{"stream_name":"stdout","time":18.252520742,"data":"   ━━━━━━━━━━━━━━━━━━━━━━━━━━━━━━━━━━━━━━━━ 128.0/128.0 kB 8.8 MB/s eta 0:00:00\n"}
,{"stream_name":"stderr","time":21.52795812,"data":"ERROR: pip's dependency resolver does not currently take into account all the packages that are installed. This behaviour is the source of the following dependency conflicts.\n"}
,{"stream_name":"stderr","time":21.52799893,"data":"bigframes 2.39.0 requires google-cloud-bigquery-storage\u003c3.0.0,\u003e=2.30.0, which is not installed.\n"}
,{"stream_name":"stderr","time":21.528003222,"data":"tpot 1.1.0 requires dill\u003e=0.3.9, but you have dill 0.3.8 which is incompatible.\n"}
,{"stream_name":"stderr","time":21.528006174,"data":"gcsfs 2025.3.0 requires fsspec==2025.3.0, but you have fsspec 2024.6.1 which is incompatible.\n"}
,{"stream_name":"stderr","time":21.890345803,"data":"ERROR: pip's dependency resolver does not currently take into account all the packages that are installed. This behaviour is the source of the following dependency conflicts.\n"}
,{"stream_name":"stderr","time":21.890391887,"data":"bigframes 2.39.0 requires google-cloud-bigquery-storage\u003c3.0.0,\u003e=2.30.0, which is not installed.\n"}
,{"stream_name":"stderr","time":21.89039827,"data":"tpot 1.1.0 requires dill\u003e=0.3.9, but you have dill 0.3.8 which is incompatible.\n"}
,{"stream_name":"stderr","time":21.890402588,"data":"gcsfs 2025.3.0 requires fsspec==2025.3.0, but you have fsspec 2024.6.1 which is incompatible.\n"}
,{"stream_name":"stderr","time":21.890407332,"data":"\n"}
,{"stream_name":"stderr","time":21.89041141,"data":"ERROR: pip's dependency resolver does not currently take into account all the packages that are installed. This behaviour is the source of the following dependency conflicts.\n"}
,{"stream_name":"stderr","time":21.890416417,"data":"bigframes 2.39.0 requires google-cloud-bigquery-storage\u003c3.0.0,\u003e=2.30.0, which is not installed.\n"}
,{"stream_name":"stderr","time":21.890421608,"data":"tpot 1.1.0 requires dill\u003e=0.3.9, but you have dill 0.3.8 which is incompatible.\n"}
,{"stream_name":"stderr","time":21.890426347000002,"data":"gcsfs 2025.3.0 requires fsspec==2025.3.0, but you have fsspec 2024.6.1 which is incompatible.\n"}
,{"stream_name":"stdout","time":21.927557553,"data":"GPU: Tesla T4 sm_75\n"}
,{"stream_name":"stdout","time":21.937898421,"data":"RUN model.training.hyperparameter_search --arch lstm --config configs/config.yaml --dataset-dir /kaggle/input/datasets/owlimm/skripsi-edgenmten-id --tokenizer-model /kaggle/input/models/owlimm/skripsi-edgenmt-tokenizer/pytorch/default/3/spm_en_id.model --n-trials 30\n"}
,{"stream_name":"stderr","time":25.937216413,"data":"[I 2026-08-24 04:13:28,971] Using an existing study with name 'lstm' instead of creating a new one.\n"}
,{"stream_name":"stderr","time":26.139779179,"data":"[I 2026-08-24 04:13:28,971] Using an existing study with name 'lstm' instead of creating a new one.\n"}
,{"stream_name":"stderr","time":26.139810121,"data":"\n"}
,{"stream_name":"stderr","time":26.139813615,"data":"[I 2026-08-24 04:13:28,971] Using an existing study with name 'lstm' instead of creating a new one.\n"}
,{"stream_name":"stdout","time":34.292813236,"data":"Using supplied dataset directory: /kaggle/input/datasets/owlimm/skripsi-edgenmten-id\n"}
,{"stream_name":"stdout","time":34.292851329,"data":"Using supplied tokenizer model: /kaggle/input/models/owlimm/skripsi-edgenmt-tokenizer/pytorch/default/3/spm_en_id.model\n"}
,{"stream_name":"stdout","time":34.292856994,"data":"Optuna search for lstm on cuda: 27/30 trials done, running 3 more\n"}
,{"stream_name":"stdout","time":34.495325339,"data":"Using supplied dataset directory: /kaggle/input/datasets/owlimm/skripsi-edgenmten-id\n"}
,{"stream_name":"stdout","time":34.495370199999996,"data":"Using supplied tokenizer model: /kaggle/input/models/owlimm/skripsi-edgenmt-tokenizer/pytorch/default/3/spm_en_id.model\n"}
,{"stream_name":"stdout","time":34.495383407,"data":"Optuna search for lstm on cuda: 27/30 trials done, running 3 more\n"}
,{"stream_name":"stderr","time":6312.284804587,"data":"[I 2026-08-24 05:58:15,319] Trial 29 finished with value: 2.328475316873374 and parameters: {'embedding_dim': 256, 'hidden_dim': 1024, 'num_layers': 3, 'dropout': 0.19017014423067477, 'learning_rate': 0.000981054157042521, 'batch_size': 32}. Best is trial 14 with value: 2.268616012110116.\n"}
,{"stream_name":"stderr","time":6312.489514998,"data":"[I 2026-08-24 05:58:15,319] Trial 29 finished with value: 2.328475316873374 and parameters: {'embedding_dim': 256, 'hidden_dim': 1024, 'num_layers': 3, 'dropout': 0.19017014423067477, 'learning_rate': 0.000981054157042521, 'batch_size': 32}. Best is trial 14 with value: 2.268616012110116.\n"}
,{"stream_name":"stderr","time":6312.489540945,"data":"\n"}
,{"stream_name":"stderr","time":6312.489546447,"data":"[I 2026-08-24 05:58:15,319] Trial 29 finished with value: 2.328475316873374 and parameters: {'embedding_dim': 256, 'hidden_dim': 1024, 'num_layers': 3, 'dropout': 0.19017014423067477, 'learning_rate': 0.000981054157042521, 'batch_size': 32}. Best is trial 14 with value: 2.268616012110116.\n"}
,{"stream_name":"stderr","time":7082.657883974,"data":"[I 2026-08-24 06:11:05,692] Trial 30 pruned. \n"}
,{"stream_name":"stderr","time":7082.863779832,"data":"[I 2026-08-24 06:11:05,692] Trial 30 pruned. \n"}
,{"stream_name":"stderr","time":7082.863809714,"data":"\n"}
,{"stream_name":"stderr","time":7082.863813697,"data":"[I 2026-08-24 06:11:05,692] Trial 30 pruned. \n"}
,{"stream_name":"stderr","time":8514.695344714,"data":"[I 2026-08-24 06:34:57,729] Trial 31 pruned. \n"}
,{"stream_name":"stderr","time":8514.900398167,"data":"[I 2026-08-24 06:34:57,729] Trial 31 pruned. \n"}
,{"stream_name":"stderr","time":8514.900430367,"data":"\n"}
,{"stream_name":"stderr","time":8514.900434376,"data":"[I 2026-08-24 06:34:57,729] Trial 31 pruned. \n"}
,{"stream_name":"stdout","time":8515.719639192,"data":"[diagram] skipped (No module named 'torchview'); pip install torchview + graphviz to enable\n"}
,{"stream_name":"stdout","time":8515.719669525,"data":"Best lstm: val_loss=2.2686 {'embedding_dim': 256, 'hidden_dim': 1024, 'num_layers': 3, 'dropout': 0.16814170349526358, 'learning_rate': 0.001946545250298762, 'batch_size': 32}\n"}
,{"stream_name":"stdout","time":8515.719675181,"data":"Saved to /kaggle/working/Edge-NMT/results/hparam_search/best_lstm.json\n"}
,{"stream_name":"stdout","time":8515.92219224,"data":"[diagram] skipped (No module named 'torchview'); pip install torchview + graphviz to enable\n"}
,{"stream_name":"stdout","time":8515.922245732,"data":"Best lstm: val_loss=2.2686 {'embedding_dim': 256, 'hidden_dim': 1024, 'num_layers': 3, 'dropout': 0.16814170349526358, 'learning_rate': 0.001946545250298762, 'batch_size': 32}\n"}
,{"stream_name":"stdout","time":8515.922253409,"data":"Saved to /kaggle/working/Edge-NMT/results/hparam_search/best_lstm.json\n"}
,{"stream_name":"stdout","time":8518.481928441,"data":"BEST LSTM val_loss=2.2686\n"}
,{"stream_name":"stdout","time":8518.481967503,"data":"hparams: {'embedding_dim': 256, 'hidden_dim': 1024, 'num_layers': 3, 'dropout': 0.16814170349526358, 'learning_rate': 0.001946545250298762, 'batch_size': 32}\n"}
,{"stream_name":"stdout","time":8518.481974375,"data":"total_params: 133343488\n"}
,{"stream_name":"stdout","time":8518.481979306,"data":"breakdown: {'embedding': 8192000, 'dropout': 0, 'encoder': 60866560, 'decoder': 22044672, 'bridge_hidden': 2098176, 'bridge_cell': 2098176, 'attention': 2097152, 'combine': 3146752, 'output_projection': 32800000, 'total': 133343488}\n"}
,{"stream_name":"stderr","time":8521.379799812,"data":"/usr/local/lib/python3.12/dist-packages/mistune.py:435: SyntaxWarning: invalid escape sequence '\\|'\n"}
,{"stream_name":"stderr","time":8521.379833576,"data":"  cells[i][c] = re.sub('\\\\\\\\\\|', '|', cell)\n"}
,{"stream_name":"stderr","time":8521.548468427,"data":"/usr/local/lib/python3.12/dist-packages/nbconvert/filters/filter_links.py:36: SyntaxWarning: invalid escape sequence '\\_'\n"}
,{"stream_name":"stderr","time":8521.548488391,"data":"  text = re.sub(r'_', '\\_', text) # Escape underscores in display text\n"}
,{"stream_name":"stderr","time":8522.163583444,"data":"[NbConvertApp] Converting notebook __notebook__.ipynb to notebook\n"}
,{"stream_name":"stderr","time":8522.451828474,"data":"[NbConvertApp] Writing 9520 bytes to __notebook__.ipynb\n"}
,{"stream_name":"stderr","time":8524.702608167,"data":"[NbConvertApp] Converting notebook __notebook__.ipynb to html\n"}
,{"stream_name":"stderr","time":8525.418876933,"data":"[NbConvertApp] Writing 288395 bytes to __results__.html\n"}
]